#
# There is insufficient memory for the Java Runtime Environment to continue.
# Native memory allocation (malloc) failed to allocate 1048576 bytes for AllocateHeap
# Possible reasons:
#   The system is out of physical RAM or swap space
#   In 32 bit mode, the process size limit was hit
# Possible solutions:
#   Reduce memory load on the system
#   Increase physical memory or swap space
#   Check if swap backing store is full
#   Use 64 bit Java on a 64 bit OS
#   Decrease Java heap size (-Xmx/-Xms)
#   Decrease number of Java threads
#   Decrease Java thread stack sizes (-Xss)
#   Set larger code cache with -XX:ReservedCodeCacheSize=
# This output file may be truncated or incomplete.
#
#  Out of Memory Error (memory/allocation.inline.hpp:61), pid=9836, tid=0x0000000000008350
#
# JRE version:  (8.0) (build )
# Java VM: OpenJDK 64-Bit Server VM (25.71-b00 mixed mode windows-amd64 compressed oops)
# Failed to write core dump. Minidumps are not enabled by default on client versions of Windows
#

---------------  T H R E A D  ---------------

Current thread (0x00000000009ee000):  JavaThread "Unknown thread" [_thread_in_vm, id=33616, stack(0x00000000025e0000,0x00000000026e0000)]

Stack: [0x00000000025e0000,0x00000000026e0000]
[error occurred during error reporting (printing stack bounds), id 0xc0000005]

Native frames: (J=compiled Java code, j=interpreted, Vv=VM code, C=native code)


---------------  P R O C E S S  ---------------

Java Threads: ( => current thread )

Other Threads:

=>0x00000000009ee000 (exited) JavaThread "Unknown thread" [_thread_in_vm, id=33616, stack(0x00000000025e0000,0x00000000026e0000)]

VM state:not at safepoint (normal execution)

VM Mutex/Monitor currently owned by a thread: None

Heap:
 PSYoungGen      total 75264K, used 1290K [0x000000076c580000, 0x0000000771980000, 0x00000007c0000000)
  eden space 64512K, 2% used [0x000000076c580000,0x000000076c6c2900,0x0000000770480000)
  from space 10752K, 0% used [0x0000000770f00000,0x0000000770f00000,0x0000000771980000)
  to   space 10752K, 0% used [0x0000000770480000,0x0000000770480000,0x0000000770f00000)
 ParOldGen       total 172032K, used 0K [0x00000006c5000000, 0x00000006cf800000, 0x000000076c580000)
  object space 172032K, 0% used [0x00000006c5000000,0x00000006c5000000,0x00000006cf800000)
 Metaspace       used 777K, capacity 4480K, committed 4480K, reserved 1056768K
  class space    used 74K, capacity 384K, committed 384K, reserved 1048576K

Card table byte_map: [0x0000000011ba0000,0x0000000012380000] byte_map_base: 0x000000000e578000

Marking Bits: (ParMarkBitMap*) 0x000000005859be50
 Begin Bits: [0x00000000130c0000, 0x0000000016f80000)
 End Bits:   [0x0000000016f80000, 0x000000001ae40000)

Polling page: 0x00000000009d0000

CodeCache: size=245760Kb used=328Kb max_used=328Kb free=245431Kb
 bounds [0x00000000027e0000, 0x0000000002a50000, 0x00000000117e0000]
 total_blobs=57 nmethods=0 adapters=38
 compilation: enabled

Compilation events (0 events):
No events

GC Heap History (0 events):
No events

Deoptimization events (0 events):
No events

Classes redefined (0 events):
No events

Internal exceptions (0 events):
No events

Events (10 events):
Event: 0.013 loading class java/lang/Short
Event: 0.013 loading class java/lang/Short done
Event: 0.013 loading class java/lang/Integer
Event: 0.013 loading class java/lang/Integer done
Event: 0.013 loading class java/lang/Long
Event: 0.013 loading class java/lang/Long done
Event: 0.014 loading class java/lang/NullPointerException
Event: 0.014 loading class java/lang/NullPointerException done
Event: 0.014 loading class java/lang/ArithmeticException
Event: 0.014 loading class java/lang/ArithmeticException done


Dynamic libraries:
0x00007ff751970000 - 0x00007ff7519a5000 	C:\Users\jinseo\unity\2021.3.20f1\Editor\Data\PlaybackEngines\AndroidPlayer\OpenJDK\bin\java.exe
0x00007ffbe2930000 - 0x00007ffbe2b28000 	C:\WINDOWS\SYSTEM32\ntdll.dll
0x00007ffbe1290000 - 0x00007ffbe134f000 	C:\WINDOWS\System32\KERNEL32.DLL
0x00007ffbe04e0000 - 0x00007ffbe07d6000 	C:\WINDOWS\System32\KERNELBASE.dll
0x00007ffbe13e0000 - 0x00007ffbe148f000 	C:\WINDOWS\System32\ADVAPI32.dll
0x00007ffbe0f60000 - 0x00007ffbe0ffe000 	C:\WINDOWS\System32\msvcrt.dll
0x00007ffbe1a10000 - 0x00007ffbe1aac000 	C:\WINDOWS\System32\sechost.dll
0x00007ffbe0a10000 - 0x00007ffbe0b36000 	C:\WINDOWS\System32\RPCRT4.dll
0x00007ffbe1ab0000 - 0x00007ffbe1c4d000 	C:\WINDOWS\System32\USER32.dll
0x00007ffbe0420000 - 0x00007ffbe0442000 	C:\WINDOWS\System32\win32u.dll
0x00007ffbe1490000 - 0x00007ffbe14bc000 	C:\WINDOWS\System32\GDI32.dll
0x00007ffbe0280000 - 0x00007ffbe0395000 	C:\WINDOWS\System32\gdi32full.dll
0x00007ffbe0080000 - 0x00007ffbe011d000 	C:\WINDOWS\System32\msvcp_win.dll
0x00007ffbe07e0000 - 0x00007ffbe08e0000 	C:\WINDOWS\System32\ucrtbase.dll
0x00007ffbc9070000 - 0x00007ffbc930a000 	C:\WINDOWS\WinSxS\amd64_microsoft.windows.common-controls_6595b64144ccf1df_6.0.19041.1110_none_60b5254171f9507e\COMCTL32.dll
0x00007ffbe10b0000 - 0x00007ffbe10e0000 	C:\WINDOWS\System32\IMM32.DLL
0x0000000058810000 - 0x00000000588e2000 	C:\Users\jinseo\unity\2021.3.20f1\Editor\Data\PlaybackEngines\AndroidPlayer\OpenJDK\jre\bin\msvcr100.dll
0x0000000057dd0000 - 0x0000000058619000 	C:\Users\jinseo\unity\2021.3.20f1\Editor\Data\PlaybackEngines\AndroidPlayer\OpenJDK\jre\bin\server\jvm.dll
0x00007ffbe1350000 - 0x00007ffbe1358000 	C:\WINDOWS\System32\PSAPI.DLL
0x00007ffbcefc0000 - 0x00007ffbcefe7000 	C:\WINDOWS\SYSTEM32\WINMM.dll
0x00007ffbc86b0000 - 0x00007ffbc86b9000 	C:\WINDOWS\SYSTEM32\WSOCK32.dll
0x00007ffbd5d80000 - 0x00007ffbd5d8a000 	C:\WINDOWS\SYSTEM32\VERSION.dll
0x00007ffbe1370000 - 0x00007ffbe13db000 	C:\WINDOWS\System32\WS2_32.dll
0x00007ffbc0990000 - 0x00007ffbc099f000 	C:\Users\jinseo\unity\2021.3.20f1\Editor\Data\PlaybackEngines\AndroidPlayer\OpenJDK\jre\bin\verify.dll
0x00007ffbb4e00000 - 0x00007ffbb4e29000 	C:\Users\jinseo\unity\2021.3.20f1\Editor\Data\PlaybackEngines\AndroidPlayer\OpenJDK\jre\bin\java.dll
0x00007ffbb4c80000 - 0x00007ffbb4c96000 	C:\Users\jinseo\unity\2021.3.20f1\Editor\Data\PlaybackEngines\AndroidPlayer\OpenJDK\jre\bin\zip.dll

VM Arguments:
java_command: <unknown>
java_class_path (initial): .
Launcher Type: SUN_STANDARD

Environment Variables:
JAVA_HOME=C:/Users/jinseo/unity/2021.3.20f1/Editor/Data/PlaybackEngines/AndroidPlayer\OpenJDK
PATH=C:\Program Files (x86)\Common Files\Oracle\Java\javapath;C:\Program Files (x86)\Common Files\Intel\Shared Libraries\redist\intel64\compiler;C:\Windows\system32;C:\Windows;C:\Windows\System32\Wbem;C:\Windows\System32\WindowsPowerShell\v1.0\;C:\Windows\System32\OpenSSH\;C:\Program Files (x86)\NVIDIA Corporation\PhysX\Common;C:\Program Files\NVIDIA Corporation\NVIDIA NvDLISR;C:\WINDOWS\system32;C:\WINDOWS;C:\WINDOWS\System32\Wbem;C:\WINDOWS\System32\WindowsPowerShell\v1.0\;C:\WINDOWS\System32\OpenSSH\;C:\Program Files\dotnet\;C:\Program Files\Common Files\Autodesk Shared\;C:\Program Files\Microsoft SQL Server\120\Tools\Binn\;C:\Users\jinseo\AppData\Local\Programs\Python\Python311\Scripts\;C:\Users\jinseo\AppData\Local\Programs\Python\Python311\;C:\Users\jinseo\AppData\Local\Microsoft\WindowsApps;C:\Program Files\Bandizip\;C:\Users\jinseo\.dotnet\tools;C:\Users\jinseo\AppData\Local\GitHubDesktop\bin;C:\Users\jinseo\AppData\Local\GitHubDesktop\app-3.1.1\resources\app\git\cmd;C:\Users\jinseo\AppData\Local\Atlassian\SourceTree\git_local\cmd;;C:\Users\jinseo\AppData\Local\afreeca
USERNAME=jinseo
OS=Windows_NT
PROCESSOR_IDENTIFIER=Intel64 Family 6 Model 140 Stepping 1, GenuineIntel



---------------  S Y S T E M  ---------------

OS: Windows 10.0 , 64 bit Build 19041 (10.0.19041.2913)

CPU:total 8 (initial active 8) (4 cores per cpu, 2 threads per core) family 6 model 140 stepping 1, cmov, cx8, fxsr, mmx, sse, sse2, sse3, ssse3, sse4.1, sse4.2, popcnt, avx, avx2, aes, clmul, erms, 3dnowpref, lzcnt, ht, tsc, tscinvbit, bmi1, bmi2, adx

Memory: 4k page, physical 16447140k(1363680k free), swap 26687140k(5836k free)

vm_info: OpenJDK 64-Bit Server VM (25.71-b00) for windows-amd64 JRE (1.8.0-adoptopenjdk-_2018_05_19_00_59-b00), built on May 19 2018 01:02:12 by "jenkins" with MS VC++ 10.0 (VS2010)

time: Thu Jun 15 21:37:48 2023
elapsed time: 0 seconds (0d 0h 0m 0s)

